// Jest Snapshot v1, https://goo.gl/fbAQLP

exports[`Cardetails should match snapshot 1`] = `
<div
  className=""
>
  <p
    className="m-5 text-white text-3xl"
  >
    Car Details
  </p>
  <div
    className="flex flex-col"
  >
    <div
      className="m-5 p-1 grow rounded-lg bg-neutral-700 overflow-auto drop-shadow-xl"
    >
      <img
        alt="Picture of the author"
        data-nimg="1"
        decoding="async"
        height={500}
        loading="lazy"
        onError={[Function]}
        onLoad={[Function]}
        src="/_next/image?url=%2Fapi%2Fimage%2Ftest-carpath.jpg&w=1080&q=75"
        srcSet="/_next/image?url=%2Fapi%2Fimage%2Ftest-carpath.jpg&w=640&q=75 1x, /_next/image?url=%2Fapi%2Fimage%2Ftest-carpath.jpg&w=1080&q=75 2x"
        style={
          {
            "color": "transparent",
          }
        }
        width={500}
      />
    </div>
  </div>
  <div
    className="m-5"
  >
    <button
      className="p-2 bg-green-700 hover:bg-green-800 text-white rounded-lg my-2"
      onClick={[Function]}
      type="button"
    >
      Zur√ºck
    </button>
  </div>
</div>
`;
