// Jest Snapshot v1, https://goo.gl/fbAQLP

exports[`Camera should match snapshot 1`] = `
<div
  className="flex flex-col bg-gradient-to-t from-neutral-800 to-neutral-700 min-h-screen"
>
  <div
    className="flex flex-col items-center justify-center"
  >
    <div>
      <input
        accept="image/*"
        className="displayflex flex-col items-center justify-center w-full p-2 file:bg-green-700 file:hover:bg-green-800 file:text-white text-white file:rounded-lg file:border-transparent my-2"
        onChange={[Function]}
        title="file"
        type="file"
      />
    </div>
    <div
      className="box mb-4 "
    >
      <input
        className="w-full md:w-96 p-0 border-transparent rounded-lg bg-transparent text-white placeholder-neutral-400"
        onChange={[Function]}
        placeholder="Autonummer"
        type="text"
        value=""
      />
      <hr
        className="w-full my-1 text-left ml-0"
      />
      <p
        className="text-white text-xs"
      >
        Information
      </p>
    </div>
    <div
      className="box mb-4 "
    >
      <input
        className="w-full md:w-96 p-0 border-transparent rounded-lg bg-transparent text-white placeholder-neutral-400"
        onChange={[Function]}
        placeholder="Marke"
        type="text"
        value=""
      />
      <hr
        className="w-full my-1 text-left ml-0"
      />
      <p
        className="text-white text-xs"
      >
        Bitte geben Sie eine Marke ein.
      </p>
    </div>
    <div
      className="box mb-4 "
    >
      <input
        className="w-full md:w-96 p-0 border-transparent rounded-lg bg-transparent text-white placeholder-neutral-400"
        onChange={[Function]}
        placeholder="Modell"
        type="text"
        value=""
      />
      <hr
        className="w-full my-1 text-left ml-0"
      />
      <p
        className="text-white text-xs"
      >
        Bitte geben Sie ein Model ein.
      </p>
    </div>
    <div
      className="flex flex-grow-0 justify-between w-1/2"
    >
      <button
        className="p-2 bg-green-700 hover:bg-green-800 text-white rounded-lg my-2"
        onClick={[Function]}
        type="button"
      >
        Zurück
      </button>
      <button
        className="p-2 bg-green-700 hover:bg-green-800 text-white rounded-lg my-2"
        onClick={[Function]}
        type="button"
      >
        Prüfen
      </button>
    </div>
  </div>
</div>
`;
