// Jest Snapshot v1, https://goo.gl/fbAQLP

exports[`MyApp renders correctly 1`] = `
<div
  className="h-screen bg-gradient-to-t from-neutral-900 to-neutral-700"
>
  <div
    className="bg-neutral-800 p-5"
  >
    <nav
      className="md:ml-auto flex flex-wrap items-center text-base justify-center"
    >
      <a
        className="inline-flex items-center bg-gray-100 border-0 py-1 px-3 focus:outline-none hover:bg-gray-200 rounded text-base mt-4 md:mt-0"
        href="/api/auth/login"
      >
        Login
      </a>
    </nav>
  </div>
  <div>
    Test Component
  </div>
</div>
`;
